// Jest Snapshot v1, https://goo.gl/fbAQLP

exports[`renders correctly 1`] = `
<div
  className="Annotations"
>
  <h2>
    Loading...
  </h2>
</div>
`;
